0
1
Error: incomplete assignment
Error: invalid input
Error: invalid input
1
Error: invalid input
Error: invalid input
Error: invalid input
1
Error: invalid input
Error: invalid input
Error: invalid input
0
Error: invalid input
0
0
Error: invalid input
Error: invalid input
Error: invalid input
Error: invalid input
Error: invalid input
Error: invalid input
Error: invalid input
