0
Error: invalid input
0
0
Error: invalid input
Error: invalid input
Error: invalid input
