Error: invalid input
Error: invalid input
sat
sat
sat
unsat
Error: invalid input
sat
sat
Error: invalid input
Error: invalid input
Error: invalid input
sat
sat
unsat
Error: invalid input
unsat
sat
Error: invalid input
